// Jest Snapshot v1, https://goo.gl/fbAQLP

exports[`should render DashboardPage component 1`] = `
<div>
  <Link
    replace={false}
    to="/create"
  >
    New Post
  </Link>
  <Connect(PostsList) />
</div>
`;
