// Jest Snapshot v1, https://goo.gl/fbAQLP

exports[`should render ReadPost component correctly 1`] = `
<Route
  render={[Function]}
/>
`;
