// Jest Snapshot v1, https://goo.gl/fbAQLP

exports[`should render RunReadNav properly 1`] = `
<nav
  className="post-nav content-container"
>
  <ul>
    <Connect(RunReadNavItem)
      post={
        Object {
          "author": "author1",
          "authorId": "author1Id",
          "body": Array [
            Object {
              "attributes": "h1",
              "text": "This is the first Post in run",
            },
          ],
          "cover": "https://www.w3schools.com/w3css/img_fjords.jpg",
          "createdAt": 0,
          "id": "1",
          "keywords": "red, green, blue",
          "miniCover": "https://www.w3schools.com/w3css/img_fjords.jpg",
          "readingTime": 7,
          "stars": 5,
          "title": "Post 1 in Run",
        }
      }
    />
    <Connect(RunReadNavItem)
      post={
        Object {
          "author": "author3",
          "authorId": "author3Id",
          "body": Array [
            Object {
              "attributes": "h3",
              "text": "blabla",
            },
          ],
          "cover": "https://www.w3schools.com/w3css/img_fjords.jpg",
          "createdAt": 1000000,
          "id": "3",
          "keywords": "car, pool, cake",
          "miniCover": "https://www.w3schools.com/w3css/img_fjords.jpg",
          "readingTime": 2,
          "stars": 2,
          "title": "Post 3 in Run",
        }
      }
    />
  </ul>
</nav>
`;
